if ! [ -e /home/unbinder/src/class_model184_sa4_final/build ]; then mkdir /home/unbinder/src/class_model184_sa4_final/build ; mkdir /home/unbinder/src/class_model184_sa4_final/build/lib; fi;
touch build/.base
cd /home/unbinder/src/class_model184_sa4_final/build;gcc -O3 -pthread  -g -fPIC -D__CLASSDIR__='"/home/unbinder/src/class_model184_sa4_final"' -DHYREC -DHI_CLASS_PATH -I../include -I../external/RecfastCLASS -I../external/heating -I../external/HyRec2020 -I../gravity_smg/include -c ../tools/growTable.c -o growTable.o
cd /home/unbinder/src/class_model184_sa4_final/build;gcc -O3 -pthread  -g -fPIC -D__CLASSDIR__='"/home/unbinder/src/class_model184_sa4_final"' -DHYREC -DHI_CLASS_PATH -I../include -I../external/RecfastCLASS -I../external/heating -I../external/HyRec2020 -I../gravity_smg/include -c ../tools/dei_rkck.c -o dei_rkck.o
cd /home/unbinder/src/class_model184_sa4_final/build;gcc -O3 -pthread  -g -fPIC -D__CLASSDIR__='"/home/unbinder/src/class_model184_sa4_final"' -DHYREC -DHI_CLASS_PATH -I../include -I../external/RecfastCLASS -I../external/heating -I../external/HyRec2020 -I../gravity_smg/include -c ../tools/sparse.c -o sparse.o
cd /home/unbinder/src/class_model184_sa4_final/build;gcc -O3 -pthread  -g -fPIC -D__CLASSDIR__='"/home/unbinder/src/class_model184_sa4_final"' -DHYREC -DHI_CLASS_PATH -I../include -I../external/RecfastCLASS -I../external/heating -I../external/HyRec2020 -I../gravity_smg/include -c ../tools/evolver_rkck.c -o evolver_rkck.o
cd /home/unbinder/src/class_model184_sa4_final/build;gcc -O3 -pthread  -g -fPIC -D__CLASSDIR__='"/home/unbinder/src/class_model184_sa4_final"' -DHYREC -DHI_CLASS_PATH -I../include -I../external/RecfastCLASS -I../external/heating -I../external/HyRec2020 -I../gravity_smg/include -c ../tools/evolver_ndf15.c -o evolver_ndf15.o
cd /home/unbinder/src/class_model184_sa4_final/build;g++ --std=c++11 -fpermissive -Wno-write-strings -O3 -pthread  -g -fPIC -D__CLASSDIR__='"/home/unbinder/src/class_model184_sa4_final"' -DHYREC -DHI_CLASS_PATH -I../include -I../external/RecfastCLASS -I../external/heating -I../external/HyRec2020 -I../gravity_smg/include -c ../tools/arrays.c -o arrays.opp
cd /home/unbinder/src/class_model184_sa4_final/build;gcc -O3 -pthread  -g -fPIC -D__CLASSDIR__='"/home/unbinder/src/class_model184_sa4_final"' -DHYREC -DHI_CLASS_PATH -I../include -I../external/RecfastCLASS -I../external/heating -I../external/HyRec2020 -I../gravity_smg/include -c ../tools/parser.c -o parser.o
cd /home/unbinder/src/class_model184_sa4_final/build;gcc -O3 -pthread  -g -fPIC -D__CLASSDIR__='"/home/unbinder/src/class_model184_sa4_final"' -DHYREC -DHI_CLASS_PATH -I../include -I../external/RecfastCLASS -I../external/heating -I../external/HyRec2020 -I../gravity_smg/include -c ../tools/quadrature.c -o quadrature.o
cd /home/unbinder/src/class_model184_sa4_final/build;g++ --std=c++11 -fpermissive -Wno-write-strings -O3 -pthread  -g -fPIC -D__CLASSDIR__='"/home/unbinder/src/class_model184_sa4_final"' -DHYREC -DHI_CLASS_PATH -I../include -I../external/RecfastCLASS -I../external/heating -I../external/HyRec2020 -I../gravity_smg/include -c ../tools/hyperspherical.c -o hyperspherical.opp
cd /home/unbinder/src/class_model184_sa4_final/build;gcc -O3 -pthread  -g -fPIC -D__CLASSDIR__='"/home/unbinder/src/class_model184_sa4_final"' -DHYREC -DHI_CLASS_PATH -I../include -I../external/RecfastCLASS -I../external/heating -I../external/HyRec2020 -I../gravity_smg/include -c ../tools/common.c -o common.o
cd /home/unbinder/src/class_model184_sa4_final/build;gcc -O3 -pthread  -g -fPIC -D__CLASSDIR__='"/home/unbinder/src/class_model184_sa4_final"' -DHYREC -DHI_CLASS_PATH -I../include -I../external/RecfastCLASS -I../external/heating -I../external/HyRec2020 -I../gravity_smg/include -c ../tools/rootfinder.c -o rootfinder.o
cd /home/unbinder/src/class_model184_sa4_final/build;gcc -O3 -pthread  -g -fPIC -D__CLASSDIR__='"/home/unbinder/src/class_model184_sa4_final"' -DHYREC -DHI_CLASS_PATH -I../include -I../external/RecfastCLASS -I../external/heating -I../external/HyRec2020 -I../gravity_smg/include -c ../tools/trigonometric_integrals.c -o trigonometric_integrals.o
cd /home/unbinder/src/class_model184_sa4_final/build;gcc -O3 -pthread  -g -fPIC -D__CLASSDIR__='"/home/unbinder/src/class_model184_sa4_final"' -DHYREC -DHI_CLASS_PATH -I../include -I../external/RecfastCLASS -I../external/heating -I../external/HyRec2020 -I../gravity_smg/include -c ../source/input.c -o input.o
cd /home/unbinder/src/class_model184_sa4_final/build;gcc -O3 -pthread  -g -fPIC -D__CLASSDIR__='"/home/unbinder/src/class_model184_sa4_final"' -DHYREC -DHI_CLASS_PATH -I../include -I../external/RecfastCLASS -I../external/heating -I../external/HyRec2020 -I../gravity_smg/include -c ../source/background.c -o background.o
cd /home/unbinder/src/class_model184_sa4_final/build;gcc -O3 -pthread  -g -fPIC -D__CLASSDIR__='"/home/unbinder/src/class_model184_sa4_final"' -DHYREC -DHI_CLASS_PATH -I../include -I../external/RecfastCLASS -I../external/heating -I../external/HyRec2020 -I../gravity_smg/include -c ../source/thermodynamics.c -o thermodynamics.o
cd /home/unbinder/src/class_model184_sa4_final/build;g++ --std=c++11 -fpermissive -Wno-write-strings -O3 -pthread  -g -fPIC -D__CLASSDIR__='"/home/unbinder/src/class_model184_sa4_final"' -DHYREC -DHI_CLASS_PATH -I../include -I../external/RecfastCLASS -I../external/heating -I../external/HyRec2020 -I../gravity_smg/include -c ../source/perturbations.c -o perturbations.opp
cd /home/unbinder/src/class_model184_sa4_final/build;g++ --std=c++11 -fpermissive -Wno-write-strings -O3 -pthread  -g -fPIC -D__CLASSDIR__='"/home/unbinder/src/class_model184_sa4_final"' -DHYREC -DHI_CLASS_PATH -I../include -I../external/RecfastCLASS -I../external/heating -I../external/HyRec2020 -I../gravity_smg/include -c ../source/primordial.c -o primordial.opp
cd /home/unbinder/src/class_model184_sa4_final/build;gcc -O3 -pthread  -g -fPIC -D__CLASSDIR__='"/home/unbinder/src/class_model184_sa4_final"' -DHYREC -DHI_CLASS_PATH -I../include -I../external/RecfastCLASS -I../external/heating -I../external/HyRec2020 -I../gravity_smg/include -c ../source/fourier.c -o fourier.o
cd /home/unbinder/src/class_model184_sa4_final/build;g++ --std=c++11 -fpermissive -Wno-write-strings -O3 -pthread  -g -fPIC -D__CLASSDIR__='"/home/unbinder/src/class_model184_sa4_final"' -DHYREC -DHI_CLASS_PATH -I../include -I../external/RecfastCLASS -I../external/heating -I../external/HyRec2020 -I../gravity_smg/include -c ../source/transfer.c -o transfer.opp
cd /home/unbinder/src/class_model184_sa4_final/build;g++ --std=c++11 -fpermissive -Wno-write-strings -O3 -pthread  -g -fPIC -D__CLASSDIR__='"/home/unbinder/src/class_model184_sa4_final"' -DHYREC -DHI_CLASS_PATH -I../include -I../external/RecfastCLASS -I../external/heating -I../external/HyRec2020 -I../gravity_smg/include -c ../source/harmonic.c -o harmonic.opp
cd /home/unbinder/src/class_model184_sa4_final/build;g++ --std=c++11 -fpermissive -Wno-write-strings -O3 -pthread  -g -fPIC -D__CLASSDIR__='"/home/unbinder/src/class_model184_sa4_final"' -DHYREC -DHI_CLASS_PATH -I../include -I../external/RecfastCLASS -I../external/heating -I../external/HyRec2020 -I../gravity_smg/include -c ../source/lensing.c -o lensing.opp
cd /home/unbinder/src/class_model184_sa4_final/build;gcc -O3 -pthread  -g -fPIC -D__CLASSDIR__='"/home/unbinder/src/class_model184_sa4_final"' -DHYREC -DHI_CLASS_PATH -I../include -I../external/RecfastCLASS -I../external/heating -I../external/HyRec2020 -I../gravity_smg/include -c ../source/distortions.c -o distortions.o
cd /home/unbinder/src/class_model184_sa4_final/build;gcc -O3 -pthread  -g -fPIC -D__CLASSDIR__='"/home/unbinder/src/class_model184_sa4_final"' -DHYREC -DHI_CLASS_PATH -I../include -I../external/RecfastCLASS -I../external/heating -I../external/HyRec2020 -I../gravity_smg/include -c ../external/RecfastCLASS/wrap_recfast.c -o wrap_recfast.o
cd /home/unbinder/src/class_model184_sa4_final/build;gcc -O3 -pthread  -g -fPIC -D__CLASSDIR__='"/home/unbinder/src/class_model184_sa4_final"' -DHYREC -DHI_CLASS_PATH -I../include -I../external/RecfastCLASS -I../external/heating -I../external/HyRec2020 -I../gravity_smg/include -c ../external/heating/injection.c -o injection.o
In file included from ../include/arrays.h:8,
                 from ../include/distortions.h:9,
                 from ../source/distortions.c:13:
../source/distortions.c: In function ‘distortions_output_sd_titles’:
../source/distortions.c:1943:32: warning: ‘__builtin___snprintf_chk’ output may be truncated before the last format character [-Wformat-truncation=]
 1943 |       class_sprintf(temp_title,"SD[e_%i]",(index_type-psd->index_type_PCA));
      |                                ^~~~~~~~~~
../include/common.h:110:44: note: in definition of macro ‘class_sprintf’
  110 |   snprintf(string, _buffer_size_sprintf+1, format);                                                                \
      |                                            ^~~~~~
../source/distortions.c:1943:41: note: format string is defined here
 1943 |       class_sprintf(temp_title,"SD[e_%i]",(index_type-psd->index_type_PCA));
      |                                         ^
In file included from /usr/include/stdio.h:980,
                 from ../include/common.h:3:
In function ‘snprintf’,
    inlined from ‘distortions_output_sd_titles’ at ../source/distortions.c:1943:7:
/usr/include/x86_64-linux-gnu/bits/stdio2.h:54:10: note: ‘__builtin___snprintf_chk’ output between 8 and 18 bytes into a destination of size 17
   54 |   return __builtin___snprintf_chk (__s, __n, __USE_FORTIFY_LEVEL - 1,
      |          ^~~~~~~~~~~~~~~~~~~~~~~~~~~~~~~~~~~~~~~~~~~~~~~~~~~~~~~~~~~~
   55 |                                    __glibc_objsize (__s), __fmt,
      |                                    ~~~~~~~~~~~~~~~~~~~~~~~~~~~~~
   56 |                                    __va_arg_pack ());
      |                                    ~~~~~~~~~~~~~~~~~
cd /home/unbinder/src/class_model184_sa4_final/build;gcc -O3 -pthread  -g -fPIC -D__CLASSDIR__='"/home/unbinder/src/class_model184_sa4_final"' -DHYREC -DHI_CLASS_PATH -I../include -I../external/RecfastCLASS -I../external/heating -I../external/HyRec2020 -I../gravity_smg/include -c ../external/heating/noninjection.c -o noninjection.o
cd /home/unbinder/src/class_model184_sa4_final/build;gcc -O3 -pthread  -g -fPIC -D__CLASSDIR__='"/home/unbinder/src/class_model184_sa4_final"' -DHYREC -DHI_CLASS_PATH -I../include -I../external/RecfastCLASS -I../external/heating -I../external/HyRec2020 -I../gravity_smg/include -c ../external/HyRec2020/hyrectools.c -o hyrectools.o
cd /home/unbinder/src/class_model184_sa4_final/build;gcc -O3 -pthread  -g -fPIC -D__CLASSDIR__='"/home/unbinder/src/class_model184_sa4_final"' -DHYREC -DHI_CLASS_PATH -I../include -I../external/RecfastCLASS -I../external/heating -I../external/HyRec2020 -I../gravity_smg/include -c ../external/HyRec2020/helium.c -o helium.o
cd /home/unbinder/src/class_model184_sa4_final/build;gcc -O3 -pthread  -g -fPIC -D__CLASSDIR__='"/home/unbinder/src/class_model184_sa4_final"' -DHYREC -DHI_CLASS_PATH -I../include -I../external/RecfastCLASS -I../external/heating -I../external/HyRec2020 -I../gravity_smg/include -c ../external/HyRec2020/hydrogen.c -o hydrogen.o
cd /home/unbinder/src/class_model184_sa4_final/build;gcc -O3 -pthread  -g -fPIC -D__CLASSDIR__='"/home/unbinder/src/class_model184_sa4_final"' -DHYREC -DHI_CLASS_PATH -I../include -I../external/RecfastCLASS -I../external/heating -I../external/HyRec2020 -I../gravity_smg/include -c ../external/HyRec2020/history.c -o history.o
cd /home/unbinder/src/class_model184_sa4_final/build;gcc -O3 -pthread  -g -fPIC -D__CLASSDIR__='"/home/unbinder/src/class_model184_sa4_final"' -DHYREC -DHI_CLASS_PATH -I../include -I../external/RecfastCLASS -I../external/heating -I../external/HyRec2020 -I../gravity_smg/include -c ../external/HyRec2020/wrap_hyrec.c -o wrap_hyrec.o
cd /home/unbinder/src/class_model184_sa4_final/build;gcc -O3 -pthread  -g -fPIC -D__CLASSDIR__='"/home/unbinder/src/class_model184_sa4_final"' -DHYREC -DHI_CLASS_PATH -I../include -I../external/RecfastCLASS -I../external/heating -I../external/HyRec2020 -I../gravity_smg/include -c ../external/HyRec2020/energy_injection.c -o energy_injection.o
cd /home/unbinder/src/class_model184_sa4_final/build;gcc -O3 -pthread  -g -fPIC -D__CLASSDIR__='"/home/unbinder/src/class_model184_sa4_final"' -DHYREC -DHI_CLASS_PATH -I../include -I../external/RecfastCLASS -I../external/heating -I../external/HyRec2020 -I../gravity_smg/include -c ../gravity_smg/input_smg.c -o input_smg.o
cd /home/unbinder/src/class_model184_sa4_final/build;gcc -O3 -pthread  -g -fPIC -D__CLASSDIR__='"/home/unbinder/src/class_model184_sa4_final"' -DHYREC -DHI_CLASS_PATH -I../include -I../external/RecfastCLASS -I../external/heating -I../external/HyRec2020 -I../gravity_smg/include -c ../gravity_smg/background_smg.c -o background_smg.o
cd /home/unbinder/src/class_model184_sa4_final/build;gcc -O3 -pthread  -g -fPIC -D__CLASSDIR__='"/home/unbinder/src/class_model184_sa4_final"' -DHYREC -DHI_CLASS_PATH -I../include -I../external/RecfastCLASS -I../external/heating -I../external/HyRec2020 -I../gravity_smg/include -c ../gravity_smg/perturbations_smg.c -o perturbations_smg.o
cd /home/unbinder/src/class_model184_sa4_final/build;gcc -O3 -pthread  -g -fPIC -D__CLASSDIR__='"/home/unbinder/src/class_model184_sa4_final"' -DHYREC -DHI_CLASS_PATH -I../include -I../external/RecfastCLASS -I../external/heating -I../external/HyRec2020 -I../gravity_smg/include -c ../gravity_smg/fourier_smg.c -o fourier_smg.o
cd /home/unbinder/src/class_model184_sa4_final/build;gcc -O3 -pthread  -g -fPIC -D__CLASSDIR__='"/home/unbinder/src/class_model184_sa4_final"' -DHYREC -DHI_CLASS_PATH -I../include -I../external/RecfastCLASS -I../external/heating -I../external/HyRec2020 -I../gravity_smg/include -c ../gravity_smg/gravity_functions_smg.c -o gravity_functions_smg.o
cd /home/unbinder/src/class_model184_sa4_final/build;gcc -O3 -pthread  -g -fPIC -D__CLASSDIR__='"/home/unbinder/src/class_model184_sa4_final"' -DHYREC -DHI_CLASS_PATH -I../include -I../external/RecfastCLASS -I../external/heating -I../external/HyRec2020 -I../gravity_smg/include -c ../gravity_smg/gravity_models_smg.c -o gravity_models_smg.o
cd /home/unbinder/src/class_model184_sa4_final/build;gcc -O3 -pthread  -g -fPIC -D__CLASSDIR__='"/home/unbinder/src/class_model184_sa4_final"' -DHYREC -DHI_CLASS_PATH -I../include -I../external/RecfastCLASS -I../external/heating -I../external/HyRec2020 -I../gravity_smg/include -c ../source/output.c -o output.o
cd /home/unbinder/src/class_model184_sa4_final/build;gcc -O3 -pthread  -g -fPIC -D__CLASSDIR__='"/home/unbinder/src/class_model184_sa4_final"' -DHYREC -DHI_CLASS_PATH -I../include -I../external/RecfastCLASS -I../external/heating -I../external/HyRec2020 -I../gravity_smg/include -c ../main/class.c -o class.o
g++ --std=c++11 -fpermissive -Wno-write-strings -O3 -pthread  -g -fPIC -o class build/growTable.o build/dei_rkck.o build/sparse.o build/evolver_rkck.o build/evolver_ndf15.o build/arrays.opp build/parser.o build/quadrature.o build/hyperspherical.opp build/common.o build/rootfinder.o build/trigonometric_integrals.o build/input.o build/background.o build/thermodynamics.o build/perturbations.opp build/primordial.opp build/fourier.o build/transfer.opp build/harmonic.opp build/lensing.opp build/distortions.o build/wrap_recfast.o build/injection.o build/noninjection.o build/hyrectools.o build/helium.o build/hydrogen.o build/history.o build/wrap_hyrec.o build/energy_injection.o build/input_smg.o build/background_smg.o build/perturbations_smg.o build/fourier_smg.o build/gravity_functions_smg.o build/gravity_models_smg.o build/output.o build/class.o -lm
